// Jest Snapshot v1, https://goo.gl/fbAQLP

exports[`Test on <Card /> should render correctly with props 1`] = `
<ContextProvider
  value={
    Object {
      "store": Object {
        "clearActions": [Function],
        "dispatch": [Function],
        "getActions": [Function],
        "getState": [Function],
        "replaceReducer": [Function],
        "subscribe": [Function],
      },
      "subscription": Object {
        "addNestedSub": [Function],
        "getListeners": [Function],
        "handleChangeWrapper": [Function],
        "isSubscribed": [Function],
        "notifyNestedSubs": [Function],
        "onStateChange": [Function],
        "trySubscribe": [Function],
        "tryUnsubscribe": [Function],
      },
    }
  }
>
  <Card
    body="This is a test"
    id={1}
    title="Test"
    userId={1}
  />
</ContextProvider>
`;

exports[`Test on <SearchBox /> should render correctly with props 1`] = `
<nav>
  <ul>
    <li>
      <a
        href="#"
      >
        Index
      </a>
    </li>
    <li>
      <a
        href="#"
      >
        Nosotros
      </a>
    </li>
    <li>
      <a
        href="#"
      >
        Servicios
      </a>
    </li>
    <li>
      <a
        href="#"
      >
        Cont√°ctanos
      </a>
    </li>
    <li>
      <input
        className="search-bar"
        name="inputSearch"
        onChange={[MockFunction]}
        placeholder="Search"
        type="text"
      />
    </li>
  </ul>
</nav>
`;
